BL51 BANKED LINKER/LOCATER V6.22.4.0                                                    04/23/2026  22:38:10  PAGE 1


BL51 BANKED LINKER/LOCATER V6.22.4.0, INVOKED BY:
D:\KEIL51\C51\BIN\BL51.EXE .\Objects\main.obj, .\Objects\LCD1602.obj, .\Objects\Delay.obj TO .\Objects\project PRINT (.\
>> Listings\project.m51) RAMSIZE (256)


MEMORY MODEL: SMALL


INPUT MODULES INCLUDED:
  .\Objects\main.obj (MAIN)
  .\Objects\LCD1602.obj (LCD1602)
  .\Objects\Delay.obj (DELAY)
  D:\KEIL51\C51\LIB\C51S.LIB (?C_STARTUP)
  D:\KEIL51\C51\LIB\C51S.LIB (?C?CLDOPTR)
  D:\KEIL51\C51\LIB\C51S.LIB (?C?IMUL)
  D:\KEIL51\C51\LIB\C51S.LIB (?C?UIDIV)
  D:\KEIL51\C51\LIB\C51S.LIB (?C_INIT)


LINK MAP OF MODULE:  .\Objects\project (MAIN)


            TYPE    BASE      LENGTH    RELOCATION   SEGMENT NAME
            -----------------------------------------------------

            * * * * * * *   D A T A   M E M O R Y   * * * * * * *
            REG     0000H     0008H     ABSOLUTE     "REG BANK 0"
            DATA    0008H     0009H     UNIT         _DATA_GROUP_
            DATA    0011H     0007H     UNIT         ?DT?_LCD_SHOWSIGNEDNUM?LCD1602
            DATA    0018H     0005H     UNIT         ?DT?_LCD_SHOWHEXNUM?LCD1602
            DATA    001DH     0005H     UNIT         ?DT?_LCD_SHOWBINNUM?LCD1602
            DATA    0022H     0002H     UNIT         ?DT?MAIN
            IDATA   0024H     0001H     UNIT         ?STACK

            * * * * * * *   C O D E   M E M O R Y   * * * * * * *
            CODE    0000H     0003H     ABSOLUTE     
            CODE    0003H     0094H     UNIT         ?C?LIB_CODE
            CODE    0097H     008CH     UNIT         ?C_C51STARTUP
            CODE    0123H     003AH     UNIT         ?PR?_LCD_SHOWSIGNEDNUM?LCD1602
            CODE    015DH     0039H     UNIT         ?PR?_LCD_SHOWHEXNUM?LCD1602
            CODE    0196H     0038H     UNIT         ?PR?_LCD_SHOWBINNUM?LCD1602
            CODE    01CEH     0033H     UNIT         ?PR?_LCD_POW?LCD1602
            CODE    0201H     002FH     UNIT         ?PR?MAIN?MAIN
            CODE    0230H     0023H     UNIT         ?PR?_LCD_SHOWSTRING?LCD1602
            CODE    0253H     001EH     UNIT         ?PR?_LCD_WRITEDATA?LCD1602
            CODE    0271H     001DH     UNIT         ?PR?_LCD_SHOWNUM?LCD1602
            CODE    028EH     0016H     UNIT         ?PR?_LCD_SETCURSOR?LCD1602
            CODE    02A4H     0015H     UNIT         ?PR?_DELAY?DELAY
            CODE    02B9H     0014H     UNIT         ?PR?LCD_INIT?LCD1602
            CODE    02CDH     000FH     UNIT         ?PR?LCD_DELAY?LCD1602
            CODE    02DCH     000AH     UNIT         ?PR?_LCD_WRITECOMMAND?LCD1602
            CODE    02E6H     000AH     UNIT         ?PR?_LCD_SHOWCHAR?LCD1602
            CODE    02F0H     0006H     UNIT         ?CO?MAIN
            CODE    02F6H     0005H     UNIT         ?C_INITSEG



OVERLAY MAP OF MODULE:   .\Objects\project (MAIN)
BL51 BANKED LINKER/LOCATER V6.22.4.0                                                  04/23/2026  22:38:10  PAGE 2




SEGMENT                                  DATA_GROUP 
  +--> CALLED SEGMENT                  START    LENGTH
------------------------------------------------------
?C_C51STARTUP                          -----    -----
  +--> ?PR?MAIN?MAIN
  +--> ?C_INITSEG

?PR?MAIN?MAIN                          -----    -----
  +--> ?PR?LCD_INIT?LCD1602
  +--> ?CO?MAIN
  +--> ?PR?_LCD_SHOWSTRING?LCD1602
  +--> ?PR?_LCD_SHOWNUM?LCD1602
  +--> ?PR?_DELAY?DELAY

?PR?LCD_INIT?LCD1602                   -----    -----
  +--> ?PR?_LCD_WRITECOMMAND?LCD1602

?PR?_LCD_WRITECOMMAND?LCD1602          -----    -----
  +--> ?PR?LCD_DELAY?LCD1602

?PR?_LCD_SHOWSTRING?LCD1602            0008H    0003H
  +--> ?PR?_LCD_SETCURSOR?LCD1602
  +--> ?PR?_LCD_WRITEDATA?LCD1602

?PR?_LCD_SETCURSOR?LCD1602             -----    -----
  +--> ?PR?_LCD_WRITECOMMAND?LCD1602

?PR?_LCD_WRITEDATA?LCD1602             -----    -----
  +--> ?PR?LCD_DELAY?LCD1602

?PR?_LCD_SHOWNUM?LCD1602               0008H    0005H
  +--> ?PR?_LCD_SETCURSOR?LCD1602
  +--> ?PR?_LCD_POW?LCD1602
  +--> ?PR?_LCD_WRITEDATA?LCD1602

?PR?_LCD_POW?LCD1602                   000DH    0004H



SYMBOL TABLE OF MODULE:  .\Objects\project (MAIN)

  VALUE           TYPE          NAME
  ----------------------------------

  -------         MODULE        MAIN
  C:0000H         SYMBOL        _ICE_DUMMY_
  C:0201H         PUBLIC        main
  D:0022H         PUBLIC        nowTime
  -------         PROC          MAIN
  C:0201H         LINE#         5
  C:0201H         LINE#         6
  C:0201H         LINE#         7
  C:0204H         LINE#         8
  C:0211H         LINE#         9
  C:0211H         LINE#         10
BL51 BANKED LINKER/LOCATER V6.22.4.0                                                  04/23/2026  22:38:10  PAGE 3


  C:0211H         LINE#         11
  C:021FH         LINE#         12
  C:0226H         LINE#         13
  C:022EH         LINE#         14
  -------         ENDPROC       MAIN
  -------         ENDMOD        MAIN

  -------         MODULE        LCD1602
  C:0000H         SYMBOL        _ICE_DUMMY_
  D:0080H         PUBLIC        P0
  D:00A0H         PUBLIC        P2
  C:02DCH         PUBLIC        _LCD_WriteCommand
  C:0271H         PUBLIC        _LCD_ShowNum
  C:0196H         PUBLIC        _LCD_ShowBinNum
  C:02D3H         PUBLIC        LCD_Delay
  C:015DH         PUBLIC        _LCD_ShowHexNum
  C:0267H         PUBLIC        _LCD_WriteData
  B:00A0H.7       PUBLIC        LCD_EN
  C:02B9H         PUBLIC        LCD_Init
  C:0230H         PUBLIC        _LCD_ShowString
  C:02E6H         PUBLIC        _LCD_ShowChar
  B:00A0H.6       PUBLIC        LCD_RS
  B:00A0H.5       PUBLIC        LCD_RW
  C:028EH         PUBLIC        _LCD_SetCursor
  C:0123H         PUBLIC        _LCD_ShowSignedNum
  C:01DAH         PUBLIC        _LCD_Pow
  -------         PROC          L?0048
  -------         ENDPROC       L?0048
  -------         PROC          LCD_DELAY
  -------         DO            
  D:0007H         SYMBOL        i
  D:0006H         SYMBOL        j
  -------         ENDDO         
  C:02D3H         LINE#         15
  C:02D3H         LINE#         16
  C:02D3H         LINE#         19
  C:02D5H         LINE#         20
  C:02D7H         LINE#         22
  C:02D7H         LINE#         23
  C:02D9H         LINE#         24
  C:02DBH         LINE#         25
  -------         ENDPROC       LCD_DELAY
  -------         PROC          _LCD_WRITECOMMAND
  D:0007H         SYMBOL        Command
  C:02DCH         LINE#         32
  C:02DCH         LINE#         33
  C:02DCH         LINE#         34
  C:02DEH         LINE#         35
  C:02DEH         LINE#         36
  C:02DEH         LINE#         37
  C:02DEH         LINE#         38
  C:02E1H         LINE#         39
  C:02E3H         LINE#         40
  -------         ENDPROC       _LCD_WRITECOMMAND
  -------         PROC          L?0047
  -------         ENDPROC       L?0047
  -------         PROC          _LCD_WRITEDATA
BL51 BANKED LINKER/LOCATER V6.22.4.0                                                  04/23/2026  22:38:10  PAGE 4


  D:0007H         SYMBOL        Data
  C:0267H         LINE#         48
  C:0267H         LINE#         49
  C:0267H         LINE#         50
  C:0269H         LINE#         51
  C:0269H         LINE#         52
  C:0269H         LINE#         53
  C:0269H         LINE#         54
  C:026CH         LINE#         55
  C:026EH         LINE#         56
  -------         ENDPROC       _LCD_WRITEDATA
  -------         PROC          _LCD_SETCURSOR
  D:0006H         SYMBOL        Line
  D:0005H         SYMBOL        Column
  C:028EH         LINE#         65
  C:0290H         LINE#         66
  C:0290H         LINE#         67
  C:0293H         LINE#         68
  C:0293H         LINE#         69
  C:0295H         LINE#         70
  C:0297H         LINE#         71
  C:029AH         LINE#         72
  C:029AH         LINE#         73
  C:02A3H         LINE#         74
  C:02A3H         LINE#         75
  -------         ENDPROC       _LCD_SETCURSOR
  -------         PROC          LCD_INIT
  C:02B9H         LINE#         82
  C:02B9H         LINE#         83
  C:02B9H         LINE#         84
  C:02BEH         LINE#         85
  C:02C3H         LINE#         86
  C:02C8H         LINE#         87
  -------         ENDPROC       LCD_INIT
  -------         PROC          _LCD_SHOWCHAR
  D:0006H         SYMBOL        Line
  D:0005H         SYMBOL        Column
  D:0004H         SYMBOL        Char
  C:02E6H         LINE#         97
  C:02E8H         LINE#         98
  C:02E8H         LINE#         99
  C:02EBH         LINE#         100
  -------         ENDPROC       _LCD_SHOWCHAR
  -------         PROC          _LCD_SHOWSTRING
  D:0007H         SYMBOL        Line
  D:0005H         SYMBOL        Column
  D:0008H         SYMBOL        String
  -------         DO            
  D:0005H         SYMBOL        i
  -------         ENDDO         
  C:0230H         LINE#         110
  C:0236H         LINE#         111
  C:0236H         LINE#         113
  C:0239H         LINE#         114
  C:024CH         LINE#         115
  C:024CH         LINE#         116
  C:024FH         LINE#         117
BL51 BANKED LINKER/LOCATER V6.22.4.0                                                  04/23/2026  22:38:10  PAGE 5


  C:0252H         LINE#         118
  -------         ENDPROC       _LCD_SHOWSTRING
  C:01D0H         SYMBOL        L?0046
  -------         PROC          L?0045
  -------         ENDPROC       L?0045
  C:01D0H         SYMBOL        L?0046
  -------         PROC          _LCD_POW
  D:000DH         SYMBOL        X
  D:000FH         SYMBOL        Y
  -------         DO            
  D:0003H         SYMBOL        i
  D:0006H         SYMBOL        Result
  -------         ENDDO         
  C:01DAH         LINE#         123
  C:01E2H         LINE#         124
  C:01E2H         LINE#         126
  C:01E6H         LINE#         127
  C:01F6H         LINE#         128
  C:01F6H         LINE#         129
  C:01FDH         LINE#         130
  C:0200H         LINE#         131
  C:0200H         LINE#         132
  -------         ENDPROC       _LCD_POW
  -------         PROC          _LCD_SHOWNUM
  D:0007H         SYMBOL        Line
  D:0005H         SYMBOL        Column
  D:000AH         SYMBOL        Number
  D:000CH         SYMBOL        Length
  -------         DO            
  D:0002H         SYMBOL        i
  -------         ENDDO         
  C:0271H         LINE#         142
  C:0275H         LINE#         143
  C:0275H         LINE#         145
  C:0278H         LINE#         146
  C:0280H         LINE#         147
  C:0280H         LINE#         148
  C:028AH         LINE#         149
  C:028DH         LINE#         150
  -------         ENDPROC       _LCD_SHOWNUM
  -------         PROC          _LCD_SHOWSIGNEDNUM
  D:0007H         SYMBOL        Line
  D:0005H         SYMBOL        Column
  D:0002H         SYMBOL        Number
  D:0015H         SYMBOL        Length
  -------         DO            
  D:0002H         SYMBOL        i
  D:0016H         SYMBOL        Number1
  -------         ENDDO         
  C:0123H         LINE#         160
  C:0123H         LINE#         161
  C:0123H         LINE#         164
  C:0126H         LINE#         165
  C:012EH         LINE#         166
  C:012EH         LINE#         167
  C:0133H         LINE#         168
  C:0137H         LINE#         169
BL51 BANKED LINKER/LOCATER V6.22.4.0                                                  04/23/2026  22:38:10  PAGE 6


  C:0139H         LINE#         171
  C:0139H         LINE#         172
  C:013EH         LINE#         173
  C:0147H         LINE#         174
  C:0147H         LINE#         175
  C:014FH         LINE#         176
  C:014FH         LINE#         177
  C:0159H         LINE#         178
  C:015CH         LINE#         179
  -------         ENDPROC       _LCD_SHOWSIGNEDNUM
  -------         PROC          _LCD_SHOWHEXNUM
  D:0007H         SYMBOL        Line
  D:0005H         SYMBOL        Column
  D:001AH         SYMBOL        Number
  D:001CH         SYMBOL        Length
  -------         DO            
  D:0002H         SYMBOL        i
  D:0006H         SYMBOL        SingleNumber
  -------         ENDDO         
  C:015DH         LINE#         189
  C:0161H         LINE#         190
  C:0161H         LINE#         192
  C:0164H         LINE#         193
  C:016CH         LINE#         194
  C:016CH         LINE#         195
  C:0182H         LINE#         196
  C:0188H         LINE#         197
  C:0188H         LINE#         198
  C:018AH         LINE#         199
  C:018CH         LINE#         201
  C:018CH         LINE#         202
  C:0192H         LINE#         203
  C:0192H         LINE#         204
  C:0195H         LINE#         205
  -------         ENDPROC       _LCD_SHOWHEXNUM
  -------         PROC          _LCD_SHOWBINNUM
  D:0007H         SYMBOL        Line
  D:0005H         SYMBOL        Column
  D:001FH         SYMBOL        Number
  D:0021H         SYMBOL        Length
  -------         DO            
  D:0002H         SYMBOL        i
  -------         ENDDO         
  C:0196H         LINE#         215
  C:019AH         LINE#         216
  C:019AH         LINE#         218
  C:019DH         LINE#         219
  C:01A5H         LINE#         220
  C:01A5H         LINE#         221
  C:01CAH         LINE#         222
  C:01CDH         LINE#         223
  -------         ENDPROC       _LCD_SHOWBINNUM
  -------         ENDMOD        LCD1602

  -------         MODULE        DELAY
  C:0000H         SYMBOL        _ICE_DUMMY_
  C:02A4H         PUBLIC        _Delay
BL51 BANKED LINKER/LOCATER V6.22.4.0                                                  04/23/2026  22:38:10  PAGE 7


  -------         PROC          _DELAY
  D:0006H         SYMBOL        xms
  -------         DO            
  D:0005H         SYMBOL        i
  D:0004H         SYMBOL        j
  -------         ENDDO         
  C:02A4H         LINE#         1
  C:02A4H         LINE#         2
  C:02A4H         LINE#         4
  C:02AEH         LINE#         5
  C:02AEH         LINE#         6
  C:02B0H         LINE#         7
  C:02B2H         LINE#         9
  C:02B2H         LINE#         10
  C:02B4H         LINE#         11
  C:02B6H         LINE#         12
  C:02B8H         LINE#         13
  -------         ENDPROC       _DELAY
  -------         ENDMOD        DELAY

  -------         MODULE        ?C?CLDOPTR
  C:0003H         PUBLIC        ?C?CLDOPTR
  -------         ENDMOD        ?C?CLDOPTR

  -------         MODULE        ?C?IMUL
  C:0030H         PUBLIC        ?C?IMUL
  -------         ENDMOD        ?C?IMUL

  -------         MODULE        ?C?UIDIV
  C:0042H         PUBLIC        ?C?UIDIV
  -------         ENDMOD        ?C?UIDIV

*** WARNING L16: UNCALLED SEGMENT, IGNORED FOR OVERLAY PROCESS
    SEGMENT: ?PR?_LCD_SHOWCHAR?LCD1602

*** WARNING L16: UNCALLED SEGMENT, IGNORED FOR OVERLAY PROCESS
    SEGMENT: ?PR?_LCD_SHOWSIGNEDNUM?LCD1602

*** WARNING L16: UNCALLED SEGMENT, IGNORED FOR OVERLAY PROCESS
    SEGMENT: ?PR?_LCD_SHOWHEXNUM?LCD1602

*** WARNING L16: UNCALLED SEGMENT, IGNORED FOR OVERLAY PROCESS
    SEGMENT: ?PR?_LCD_SHOWBINNUM?LCD1602

Program Size: data=37.0 xdata=0 code=763
LINK/LOCATE RUN COMPLETE.  4 WARNING(S),  0 ERROR(S)
